#-----------------------------------------------------------
# Vivado v2024.1 (64-bit)
# SW Build 5076996 on Wed May 22 18:37:14 MDT 2024
# IP Build 5075265 on Wed May 22 21:45:21 MDT 2024
# SharedData Build 5076995 on Wed May 22 18:29:18 MDT 2024
# Start of session at: Fri Apr 25 22:56:23 2025
# Process ID: 5372
# Current directory: E:/Ammar/Vivado Programs/Combinational Circuits/42Encoder
# Command line: vivado.exe -gui_launcher_event rodinguilauncherevent12432 E:\Ammar\Vivado Programs\Combinational Circuits\42Encoder\42Encoder.xpr
# Log file: E:/Ammar/Vivado Programs/Combinational Circuits/42Encoder/vivado.log
# Journal file: E:/Ammar/Vivado Programs/Combinational Circuits/42Encoder\vivado.jou
# Running On        :DESKTOP-SA29OHH
# Platform          :Windows Server 2016 or Windows 10
# Operating System  :19045
# Processor Detail  :AMD A9-9425 RADEON R5, 5 COMPUTE CORES 2C+3G   
# CPU Frequency     :3094 MHz
# CPU Physical cores:2
# CPU Logical cores :2
# Host memory       :7999 MB
# Swap memory       :3087 MB
# Total Virtual     :11086 MB
# Available Virtual :3844 MB
#-----------------------------------------------------------
start_gui
open_project {E:/Ammar/Vivado Programs/Combinational Circuits/42Encoder/42Encoder.xpr}
update_compile_order -fileset sources_1
