#-----------------------------------------------------------
# Vivado v2024.1 (64-bit)
# SW Build 5076996 on Wed May 22 18:37:14 MDT 2024
# IP Build 5075265 on Wed May 22 21:45:21 MDT 2024
# SharedData Build 5076995 on Wed May 22 18:29:18 MDT 2024
# Start of session at: Sat May 31 14:08:03 2025
# Process ID: 2172
# Current directory: E:/Ammar/Vivado Programs/Sequential Circuit/Shift_Register/Shift_Register.runs/synth_1
# Command line: vivado.exe -log Shift_Register.vds -product Vivado -mode batch -messageDb vivado.pb -notrace -source Shift_Register.tcl
# Log file: E:/Ammar/Vivado Programs/Sequential Circuit/Shift_Register/Shift_Register.runs/synth_1/Shift_Register.vds
# Journal file: E:/Ammar/Vivado Programs/Sequential Circuit/Shift_Register/Shift_Register.runs/synth_1\vivado.jou
# Running On        :DESKTOP-SA29OHH
# Platform          :Windows Server 2016 or Windows 10
# Operating System  :19045
# Processor Detail  :AMD A9-9425 RADEON R5, 5 COMPUTE CORES 2C+3G   
# CPU Frequency     :3094 MHz
# CPU Physical cores:2
# CPU Logical cores :2
# Host memory       :7999 MB
# Swap memory       :3087 MB
# Total Virtual     :11086 MB
# Available Virtual :4164 MB
#-----------------------------------------------------------
source Shift_Register.tcl -notrace
